2025-12-22 21:48:42 | INFO | Starting inference: dataset=mmau | 10 samples | prompt=baseline | limit=10 | model=gpt-audio-mini | log=/home/junchi.yao/ICML2026-ALM/result/baseline/gpt-audio-mini/mmau_baseline_limit10.log
2025-12-22 21:48:48 | WARNING | Empty response for id=3fe64f3d-282c-4bc8-a753-68f8f6c35652 attempt=1/2; retrying after 1s
2025-12-22 21:48:54 | WARNING | Empty response for id=3fe64f3d-282c-4bc8-a753-68f8f6c35652 attempt=2/2; retrying after 1s
2025-12-22 21:48:59 | INFO | Q01 id=3fe64f3d-282c-4bc8-a753-68f8f6c35652 | pred= | gold=A | correct=False | running_acc=0.00% | raw=
2025-12-22 21:49:03 | WARNING | Empty response for id=72fb5481-73ae-409d-8e16-c94ac48d2ee4 attempt=1/2; retrying after 1s
2025-12-22 21:49:06 | WARNING | Empty response for id=72fb5481-73ae-409d-8e16-c94ac48d2ee4 attempt=2/2; retrying after 1s
2025-12-22 21:49:11 | INFO | Q02 id=72fb5481-73ae-409d-8e16-c94ac48d2ee4 | pred= | gold=B | correct=False | running_acc=0.00% | raw=
2025-12-22 21:49:14 | INFO | Q03 id=6aee68bf-6629-442b-981d-ae8195597c8e | pred=B | gold=A | correct=False | running_acc=0.00% | raw=Step 1: Listen to the audio and identify the characteristics of the sound.\n\nStep 2: The sound is rhythmic and continuous, resembling a siren-like tone.\n\nStep 3: Among the options, a fire truck is known for having a distinct siren sound.\n\nStep 4: Radio typically has music or speech, construction sites have machinery noises, and airplanes have engine sounds.\n\nBased on this reasoning, the most likely source of the music is a fire truck.\n\nAnswer: \boxed{B}
2025-12-22 21:49:16 | WARNING | Empty response for id=9593f394-dcac-4d88-a37d-0468f8b0152c attempt=1/2; retrying after 1s
2025-12-22 21:49:21 | INFO | Q04 id=9593f394-dcac-4d88-a37d-0468f8b0152c | pred=B | gold=A | correct=False | running_acc=0.00% | raw=Step 1: The audio contains a sharp, distinct cracking sound, commonly associated with a whip.\n\nStep 2: Among the options, "sound effects" would be a general category, but the specific source of a whip cracking is more directly related to an "animal" or "instrument."\n\nStep 3: A whip is typically associated with animals or used as an instrument, but the most direct and specific source of a whip cracking sound is an "animal."\n\nTherefore, the best answer is:\n\n\boxed{B}
2025-12-22 21:49:24 | INFO | Q05 id=aeafb34d-6c51-4351-8b6e-16266b698fc0 | pred=A | gold=A | correct=True | running_acc=20.00% | raw=Step 1: The audio contains repetitive, rhythmic clickety-clack sounds.\n\nStep 2: Such sounds are commonly associated with the wheels of a train moving over tracks.\n\nStep 3: Other options like horse, bicycle, or helicopter do not typically produce a consistent clickety-clack pattern.\n\nBased on this reasoning, the best answer is the train.\n\nAnswer: \boxed{A}
2025-12-22 21:49:26 | INFO | Q06 id=51ff0fea-3c42-4ffc-a3f1-7c0c295228c5 | pred=A | gold=A | correct=True | running_acc=33.33% | raw=Step 1: The audio contains a loud, sharp honking sound.\n\nStep 2: Among the options, a car is commonly associated with such a honk.\n\nStep 3: A bicycle typically doesn't produce such a pronounced honk, nor does a train or boat in the same manner.\n\nTherefore, the most logical source of the honk is a car.\n\nAnswer: \boxed{A}
2025-12-22 21:49:28 | WARNING | Empty response for id=5ea5886d-e8d9-44bb-8707-8b0715964be3 attempt=1/2; retrying after 1s
2025-12-22 21:49:32 | WARNING | Empty response for id=5ea5886d-e8d9-44bb-8707-8b0715964be3 attempt=2/2; retrying after 1s
2025-12-22 21:49:36 | INFO | Q07 id=5ea5886d-e8d9-44bb-8707-8b0715964be3 | pred= | gold=A | correct=False | running_acc=28.57% | raw=
2025-12-22 21:49:39 | WARNING | Empty response for id=a68348a7-68ea-4c79-800c-7c870eb15f0a attempt=1/2; retrying after 1s
2025-12-22 21:49:43 | WARNING | Empty response for id=a68348a7-68ea-4c79-800c-7c870eb15f0a attempt=2/2; retrying after 1s
2025-12-22 21:49:46 | INFO | Q08 id=a68348a7-68ea-4c79-800c-7c870eb15f0a | pred= | gold=A | correct=False | running_acc=25.00% | raw=
2025-12-22 21:49:49 | INFO | Q09 id=da2d42eb-b544-44dc-a507-0acf0bbb8d95 | pred=A | gold=A | correct=True | running_acc=33.33% | raw=Step 1: The audio contains the sound of bells ringing.\n\nStep 2: Church bells are commonly associated with churches.\n\nStep 3: Schools, clock towers, and fire stations may have bells, but the specific sound in the audio is most characteristic of church bells.\n\nTherefore, the most logical conclusion is that the source of the bells is a church.\n\nAnswer: \boxed{A}
2025-12-22 21:49:51 | WARNING | Empty response for id=676a6e29-5d80-4fef-b260-6a9cdfd51dd5 attempt=1/2; retrying after 1s
2025-12-22 21:49:55 | WARNING | Empty response for id=676a6e29-5d80-4fef-b260-6a9cdfd51dd5 attempt=2/2; retrying after 1s
2025-12-22 21:49:59 | INFO | Q10 id=676a6e29-5d80-4fef-b260-6a9cdfd51dd5 | pred= | gold=B | correct=False | running_acc=30.00% | raw=
2025-12-22 21:49:59 | INFO | Finished 10 questions | accuracy=30.00% (3/10)
